Archive member included to satisfy reference by file (symbol)

/Applications/ArmGNUToolchain/14.3.rel1/arm-none-eabi/bin/../lib/gcc/arm-none-eabi/14.3.1/../../../../arm-none-eabi/lib/thumb/v7e-m+fp/hard/libc.a(libc_a-memset.o)
                              bin/tasks.o (memset)
/Applications/ArmGNUToolchain/14.3.rel1/arm-none-eabi/bin/../lib/gcc/arm-none-eabi/14.3.1/../../../../arm-none-eabi/lib/thumb/v7e-m+fp/hard/libc.a(libc_a-memcpy.o)
                              bin/queue.o (memcpy)
/Applications/ArmGNUToolchain/14.3.rel1/arm-none-eabi/bin/../lib/gcc/arm-none-eabi/14.3.1/thumb/v7e-m+fp/hard/libgcc.a(_arm_addsubdf3.o)
                              bin/s2.o (__aeabi_f2d)
/Applications/ArmGNUToolchain/14.3.rel1/arm-none-eabi/bin/../lib/gcc/arm-none-eabi/14.3.1/thumb/v7e-m+fp/hard/libgcc.a(_arm_truncdfsf2.o)
                              bin/am_util_stdio.o (__aeabi_d2f)
../../../../mcu/apollo3p/hal/gcc/bin/libam_hal.a(am_hal_adc.o)
                              bin/s2.o (am_hal_adc_initialize)
../../../../mcu/apollo3p/hal/gcc/bin/libam_hal.a(am_hal_cachectrl.o)
                              bin/setup.o (am_hal_cachectrl_config)
../../../../mcu/apollo3p/hal/gcc/bin/libam_hal.a(am_hal_clkgen.o)
                              bin/setup.o (am_hal_clkgen_control)
../../../../mcu/apollo3p/hal/gcc/bin/libam_hal.a(am_hal_flash.o)
                              bin/am_util_delay.o (am_hal_flash_delay)
../../../../mcu/apollo3p/hal/gcc/bin/libam_hal.a(am_hal_gpio.o)
                              bin/main.o (am_hal_gpio_pinconfig)
../../../../mcu/apollo3p/hal/gcc/bin/libam_hal.a(am_hal_interrupt.o)
                              bin/setup.o (am_hal_interrupt_master_enable)
../../../../mcu/apollo3p/hal/gcc/bin/libam_hal.a(am_hal_mcuctrl.o)
                              bin/am_util_faultisr.o (am_hal_mcuctrl_info_get)
../../../../mcu/apollo3p/hal/gcc/bin/libam_hal.a(am_hal_pwrctrl.o)
                              ../../../../mcu/apollo3p/hal/gcc/bin/libam_hal.a(am_hal_adc.o) (am_hal_pwrctrl_periph_enable)
../../../../mcu/apollo3p/hal/gcc/bin/libam_hal.a(am_hal_reset.o)
                              ../../../../mcu/apollo3p/hal/gcc/bin/libam_hal.a(am_hal_clkgen.o) (gAmHalResetStatus)
../../../../mcu/apollo3p/hal/gcc/bin/libam_hal.a(am_hal_stimer.o)
                              bin/port.o (am_hal_stimer_config)
../../../../mcu/apollo3p/hal/gcc/bin/libam_hal.a(am_hal_sysctrl.o)
                              bin/rtos.o (am_hal_sysctrl_sleep)
../../../../mcu/apollo3p/hal/gcc/bin/libam_hal.a(am_hal_uart.o)
                              bin/setup.o (am_hal_uart_initialize)
../../../../mcu/apollo3p/hal/gcc/bin/libam_hal.a(am_hal_burst.o)
                              ../../../../mcu/apollo3p/hal/gcc/bin/libam_hal.a(am_hal_sysctrl.o) (am_hal_burst_mode_disable)
../../../../mcu/apollo3p/hal/gcc/bin/libam_hal.a(am_hal_global.o)
                              ../../../../mcu/apollo3p/hal/gcc/bin/libam_hal.a(am_hal_stimer.o) (am_hal_triple_read)
../../../../mcu/apollo3p/hal/gcc/bin/libam_hal.a(am_hal_queue.o)
                              ../../../../mcu/apollo3p/hal/gcc/bin/libam_hal.a(am_hal_uart.o) (am_hal_queue_init)
../../bsp/gcc/bin/libam_bsp.a(am_bsp.o)
                              bin/setup.o (am_bsp_low_power_init)
../../bsp/gcc/bin/libam_bsp.a(am_bsp_pins.o)
                              ../../bsp/gcc/bin/libam_bsp.a(am_bsp.o) (g_AM_BSP_GPIO_ITM_SWO)
/Applications/ArmGNUToolchain/14.3.rel1/arm-none-eabi/bin/../lib/gcc/arm-none-eabi/14.3.1/../../../../arm-none-eabi/lib/thumb/v7e-m+fp/hard/libc.a(libc_a-strlen.o)
                              ../../bsp/gcc/bin/libam_bsp.a(am_bsp.o) (strlen)
../../../../mcu/apollo3p/hal/gcc/bin/libam_hal.a(am_hal_itm.o)
                              ../../bsp/gcc/bin/libam_bsp.a(am_bsp.o) (am_hal_itm_enable)
../../../../mcu/apollo3p/hal/gcc/bin/libam_hal.a(am_hal_rtc.o)
                              ../../bsp/gcc/bin/libam_bsp.a(am_bsp.o) (am_hal_rtc_osc_disable)
../../../../mcu/apollo3p/hal/gcc/bin/libam_hal.a(am_hal_tpiu.o)
                              ../../bsp/gcc/bin/libam_bsp.a(am_bsp.o) (am_hal_tpiu_enable)

Discarded input sections

 .text          0x00000000        0x0 bin/am_util_delay.o
 .data          0x00000000        0x0 bin/am_util_delay.o
 .bss           0x00000000        0x0 bin/am_util_delay.o
 .text.am_util_delay_cycles
                0x00000000       0x14 bin/am_util_delay.o
 .text.am_util_delay_ms
                0x00000000       0x38 bin/am_util_delay.o
 .text.am_util_delay_us
                0x00000000       0x38 bin/am_util_delay.o
 .debug_info    0x00000000      0x1ad bin/am_util_delay.o
 .debug_abbrev  0x00000000       0xf1 bin/am_util_delay.o
 .debug_aranges
                0x00000000       0x30 bin/am_util_delay.o
 .debug_rnglists
                0x00000000       0x1f bin/am_util_delay.o
 .debug_line    0x00000000      0x1a9 bin/am_util_delay.o
 .debug_str     0x00000000      0x299 bin/am_util_delay.o
 .comment       0x00000000       0x47 bin/am_util_delay.o
[...]
Memory Configuration

Name             Origin             Length             Attributes
ROMEM            0x0000c000         0x001f4000         xr
RWMEM            0x10011000         0x000af000         xrw
TCM              0x10000000         0x00010000         xrw
STACKMEM         0x10010000         0x00001000         xrw
*default*        0x00000000         0xffffffff

Linker script and memory map


.text           0x0000c000     0x6934
                0x0000c000                        . = ALIGN (0x4)
 *(.isr_vector)
 .isr_vector    0x0000c000       0xc8 bin/startup_gcc.o
                0x0000c000                g_am_pfnVectors
 *(.patch)
 .patch         0x0000c0c8       0x38 bin/startup_gcc.o
                0x0000c0c8                __Patchable
 *(.text)
 .text          0x0000c100      0x134 /Applications/ArmGNUToolchain/14.3.rel1/arm-none-eabi/bin/../lib/gcc/arm-none-eabi/14.3.1/../../../../arm-none-eabi/lib/thumb/v7e-m+fp/hard/libc.a(libc_a-memcpy.o)
                0x0000c100                memcpy
 .text          0x0000c234      0x378 /Applications/ArmGNUToolchain/14.3.rel1/arm-none-eabi/bin/../lib/gcc/arm-none-eabi/14.3.1/thumb/v7e-m+fp/hard/libgcc.a(_arm_addsubdf3.o)
                0x0000c234                __aeabi_drsub
                0x0000c23c                __subdf3
                0x0000c23c                __aeabi_dsub
                0x0000c240                __aeabi_dadd
                0x0000c240                __adddf3
                0x0000c4b8                __aeabi_ui2d
                0x0000c4b8                __floatunsidf
                0x0000c4d8                __floatsidf
                0x0000c4d8                __aeabi_i2d
                0x0000c4fc                __extendsfdf2
                0x0000c4fc                __aeabi_f2d
                0x0000c540                __aeabi_ul2d
                0x0000c540                __floatundidf
                0x0000c550                __aeabi_l2d
                0x0000c550                __floatdidf
 .text          0x0000c5ac       0xa0 /Applications/ArmGNUToolchain/14.3.rel1/arm-none-eabi/bin/../lib/gcc/arm-none-eabi/14.3.1/thumb/v7e-m+fp/hard/libgcc.a(_arm_truncdfsf2.o)
                0x0000c5ac                __aeabi_d2f
                0x0000c5ac                __truncdfsf2
 *(.text*)
 .text.HardFault_Handler
                0x0000c64c       0x28 bin/am_util_faultisr.o
                0x0000c64c                HardFault_Handler
 .text.am_getStackedReg
                0x0000c674       0x16 bin/am_util_faultisr.o
                0x0000c674                am_getStackedReg
 *fill*         0x0000c68a        0x2 
 .text.am_util_faultisr_collect_data
                0x0000c68c       0xec bin/am_util_faultisr.o
                0x0000c68c                am_util_faultisr_collect_data
 .text.am_valid_sp
                0x0000c778       0x24 bin/am_util_faultisr.o
                0x0000c778                am_valid_sp
 .text.am_util_stdio_printf_init
                0x0000c79c       0x14 bin/am_util_stdio.o
                0x0000c79c                am_util_stdio_printf_init
 .text.divu64_10
                0x0000c7b0      0x1e8 bin/am_util_stdio.o
 .text.ndigits_in_u64
                0x0000c998       0x3e bin/am_util_stdio.o
 .text.ndigits_in_i64
                0x0000c9d6       0x34 bin/am_util_stdio.o
 .text.ndigits_in_hex
                0x0000ca0a       0x46 bin/am_util_stdio.o
 .text.decstr_to_int
                0x0000ca50       0x88 bin/am_util_stdio.o
 .text.uint64_to_str
                0x0000cad8       0x8a bin/am_util_stdio.o
 .text.uint64_to_hexstr
                0x0000cb62       0xc0 bin/am_util_stdio.o
 .text.simple_strlen
                0x0000cc22       0x2c bin/am_util_stdio.o
 .text.padbuffer
                0x0000cc4e       0x44 bin/am_util_stdio.o
 *fill*         0x0000cc92        0x2 
 .text.ftoa     0x0000cc94      0x1fc bin/am_util_stdio.o
 .text.am_util_stdio_vsprintf
                0x0000ce90      0x618 bin/am_util_stdio.o
                0x0000ce90                am_util_stdio_vsprintf
 .text.am_util_stdio_printf
                0x0000d4a8       0x40 bin/am_util_stdio.o
                0x0000d4a8                am_util_stdio_printf
 .text.main     0x0000d4e8       0x48 bin/main.o
                0x0000d4e8                main
 .text.MainAppTask
                0x0000d530       0x44 bin/main.o
                0x0000d530                MainAppTask
 .text.ADG819_Set
                0x0000d574       0x54 bin/main.o
                0x0000d574                ADG819_Set
 .text.__NVIC_EnableIRQ
                0x0000d5c8       0x34 bin/setup.o
 .text.error_handler
                0x0000d5fc       0x14 bin/setup.o
                0x0000d5fc                error_handler
 .text.am_uart_isr
                0x0000d610       0x3c bin/setup.o
                0x0000d610                am_uart_isr
 .text.uart_print
                0x0000d64c       0x7c bin/setup.o
                0x0000d64c                uart_print
 .text.setup    0x0000d6c8      0x104 bin/setup.o
                0x0000d6c8                setup
 .text.read_adc_voltage
                0x0000d7cc       0x58 bin/s2.o
 .text.decodeSymbol
                0x0000d824       0x90 bin/s2.o
 .text.print_character
                0x0000d8b4       0x48 bin/s2.o
                0x0000d8b4                print_character
 .text.decode_character
                0x0000d8fc       0x90 bin/s2.o
                0x0000d8fc                decode_character
 .text.s2_init  0x0000d98c       0x8c bin/s2.o
                0x0000d98c                s2_init
 .text.ADCTask  0x0000da18       0x74 bin/s2.o
                0x0000da18                ADCTask
 .text.start_s2
                0x0000da8c       0x38 bin/s2.o
                0x0000da8c                start_s2
 .text.stop_s2  0x0000dac4       0x1c bin/s2.o
                0x0000dac4                stop_s2
 .text.Reset_Handler
                0x0000dae0       0x88 bin/startup_gcc.o
                0x0000dae0                Reset_Handler
 .text.NMI_Handler
                0x0000db68        0x4 bin/startup_gcc.o
                0x0000db68                NMI_Handler
 .text.HardFault_Handler
                0x0000db6c        0x4 bin/startup_gcc.o
                0x0000db6c                UsageFault_Handler
                0x0000db6c                MemManage_Handler
                0x0000db6c                BusFault_Handler
 .text.am_default_isr
                0x0000db70        0x4 bin/startup_gcc.o
                0x0000db70                am_default_isr
                0x0000db70                am_iomaster4_isr
                0x0000db70                am_rtc_isr
                0x0000db70                am_stimer_cmpr3_isr
                0x0000db70                am_adc_isr
                0x0000db70                am_iomaster3_isr
                0x0000db70                am_clkgen_isr
                0x0000db70                am_stimer_isr
                0x0000db70                am_software0_isr
                0x0000db70                am_stimer_cmpr5_isr
                0x0000db70                am_iomaster5_isr
                0x0000db70                am_pdm0_isr
                0x0000db70                am_ctimer_isr
                0x0000db70                am_ioslave_acc_isr
                0x0000db70                am_mspi0_isr
                0x0000db70                am_stimer_cmpr6_isr
                0x0000db70                am_iomaster1_isr
                0x0000db70                am_brownout_isr
                0x0000db70                am_vcomp_isr
                0x0000db70                am_gpio_isr
                0x0000db70                am_iomaster2_isr
                0x0000db70                am_mspi2_isr
                0x0000db70                am_stimer_cmpr2_isr
                0x0000db70                am_ioslave_ios_isr
                0x0000db70                am_mspi1_isr
                0x0000db70                am_uart1_isr
                0x0000db70                am_stimer_cmpr7_isr
                0x0000db70                am_scard_isr
                0x0000db70                am_watchdog_isr
                0x0000db70                am_iomaster0_isr
                0x0000db70                am_ble_isr
                0x0000db70                am_stimer_cmpr4_isr
                0x0000db70                DebugMon_Handler
 .text.xTaskCreate
                0x0000db74       0x90 bin/tasks.o
                0x0000db74                xTaskCreate
 .text.prvInitialiseNewTask
                0x0000dc04       0xf0 bin/tasks.o
 .text.prvAddNewTaskToReadyList
                0x0000dcf4      0x124 bin/tasks.o
 .text.vTaskDelete
                0x0000de18       0xdc bin/tasks.o
                0x0000de18                vTaskDelete
 .text.vTaskDelay
                0x0000def4       0x54 bin/tasks.o
                0x0000def4                vTaskDelay
 .text.vTaskStartScheduler
                0x0000df48       0x90 bin/tasks.o
                0x0000df48                vTaskStartScheduler
 .text.vTaskSuspendAll
                0x0000dfd8       0x14 bin/tasks.o
                0x0000dfd8                vTaskSuspendAll
 .text.prvGetExpectedIdleTime
                0x0000dfec       0x64 bin/tasks.o
 .text.xTaskResumeAll
                0x0000e050      0x1e4 bin/tasks.o
                0x0000e050                xTaskResumeAll
 .text.xTaskGetTickCount
                0x0000e234       0x14 bin/tasks.o
                0x0000e234                xTaskGetTickCount
 .text.vTaskStepTick
                0x0000e248       0x7c bin/tasks.o
                0x0000e248                vTaskStepTick
 .text.xTaskIncrementTick
                0x0000e2c4      0x200 bin/tasks.o
                0x0000e2c4                xTaskIncrementTick
 .text.vTaskSwitchContext
                0x0000e4c4       0xf0 bin/tasks.o
                0x0000e4c4                vTaskSwitchContext
 .text.vTaskPlaceOnEventList
                0x0000e5b4       0x34 bin/tasks.o
                0x0000e5b4                vTaskPlaceOnEventList
 .text.vTaskPlaceOnEventListRestricted
                0x0000e5e8       0x78 bin/tasks.o
                0x0000e5e8                vTaskPlaceOnEventListRestricted
 .text.xTaskRemoveFromEventList
                0x0000e660      0x19c bin/tasks.o
                0x0000e660                xTaskRemoveFromEventList
 .text.vTaskInternalSetTimeOutState
                0x0000e7fc       0x24 bin/tasks.o
                0x0000e7fc                vTaskInternalSetTimeOutState
 .text.xTaskCheckForTimeOut
                0x0000e820       0xa4 bin/tasks.o
                0x0000e820                xTaskCheckForTimeOut
 .text.vTaskMissedYield
                0x0000e8c4       0x10 bin/tasks.o
                0x0000e8c4                vTaskMissedYield
 .text.prvIdleTask
                0x0000e8d4       0x6c bin/tasks.o
 .text.eTaskConfirmSleepModeStatus
                0x0000e940       0x70 bin/tasks.o
                0x0000e940                eTaskConfirmSleepModeStatus
 .text.prvInitialiseTaskLists
                0x0000e9b0       0x7c bin/tasks.o
 .text.prvCheckTasksWaitingTermination
                0x0000ea2c       0x58 bin/tasks.o
 .text.prvDeleteTCB
                0x0000ea84       0x1e bin/tasks.o
 *fill*         0x0000eaa2        0x2 
 .text.prvResetNextTaskUnblockTime
                0x0000eaa4       0x2c bin/tasks.o
 .text.xTaskGetSchedulerState
                0x0000ead0       0x34 bin/tasks.o
                0x0000ead0                xTaskGetSchedulerState
 .text.prvAddCurrentTaskToDelayedList
                0x0000eb04       0xdc bin/tasks.o
 .text.__NVIC_EnableIRQ
                0x0000ebe0       0x34 bin/port.o
 .text.__NVIC_SetPriority
                0x0000ec14       0x50 bin/port.o
 .text.pxPortInitialiseStack
                0x0000ec64       0x60 bin/port.o
                0x0000ec64                pxPortInitialiseStack
 .text.prvTaskExitError
                0x0000ecc4       0x3c bin/port.o
 .text.SVC_Handler
                0x0000ed00       0x28 bin/port.o
                0x0000ed00                SVC_Handler
 .text.prvPortStartFirstTask
                0x0000ed28       0x28 bin/port.o
 .text.xPortStartScheduler
                0x0000ed50      0x114 bin/port.o
                0x0000ed50                xPortStartScheduler
 .text.vPortEnterCritical
                0x0000ee64       0x44 bin/port.o
                0x0000ee64                vPortEnterCritical
 .text.vPortExitCritical
                0x0000eea8       0x38 bin/port.o
                0x0000eea8                vPortExitCritical
 .text.PendSV_Handler
                0x0000eee0       0x68 bin/port.o
                0x0000eee0                PendSV_Handler
 .text.SysTick_Handler
                0x0000ef48       0x44 bin/port.o
                0x0000ef48                SysTick_Handler
 .text.vPortEnableVFP
                0x0000ef8c       0x14 bin/port.o
 .text.vPortSuppressTicksAndSleep
                0x0000efa0      0x10c bin/port.o
                0x0000efa0                vPortSuppressTicksAndSleep
 .text.xPortStimerTickHandler
                0x0000f0ac       0xcc bin/port.o
                0x0000f0ac                xPortStimerTickHandler
 .text.am_stimer_cmpr0_isr
                0x0000f178       0x2a bin/port.o
                0x0000f178                am_stimer_cmpr0_isr
 *fill*         0x0000f1a2        0x2 
 .text.am_stimer_cmpr1_isr
                0x0000f1a4       0x38 bin/port.o
                0x0000f1a4                am_stimer_cmpr1_isr
 .text.vPortSetupTimerInterrupt
                0x0000f1dc       0x9c bin/port.o
                0x0000f1dc                vPortSetupTimerInterrupt
 .text.vListInitialise
                0x0000f278       0x36 bin/list.o
                0x0000f278                vListInitialise
 .text.vListInitialiseItem
                0x0000f2ae       0x10 bin/list.o
                0x0000f2ae                vListInitialiseItem
 .text.vListInsertEnd
                0x0000f2be       0x3e bin/list.o
                0x0000f2be                vListInsertEnd
 .text.vListInsert
                0x0000f2fc       0x68 bin/list.o
                0x0000f2fc                vListInsert
 .text.uxListRemove
                0x0000f364       0x4a bin/list.o
                0x0000f364                uxListRemove
 *fill*         0x0000f3ae        0x2 
 .text.pvPortMalloc
                0x0000f3b0      0x158 bin/heap_4.o
                0x0000f3b0                pvPortMalloc
 .text.vPortFree
                0x0000f508       0x88 bin/heap_4.o
                0x0000f508                vPortFree
 .text.prvHeapInit
                0x0000f590       0xb0 bin/heap_4.o
 .text.prvInsertBlockIntoFreeList
                0x0000f640       0xa8 bin/heap_4.o
 .text.xQueueGenericReset
                0x0000f6e8       0xf8 bin/queue.o
                0x0000f6e8                xQueueGenericReset
 .text.xQueueGenericCreate
                0x0000f7e0       0x8c bin/queue.o
                0x0000f7e0                xQueueGenericCreate
 .text.prvInitialiseNewQueue
                0x0000f86c       0x3e bin/queue.o
 *fill*         0x0000f8aa        0x2 
 .text.xQueueReceive
                0x0000f8ac      0x184 bin/queue.o
                0x0000f8ac                xQueueReceive
 .text.prvCopyDataFromQueue
                0x0000fa30       0x4a bin/queue.o
 .text.prvUnlockQueue
                0x0000fa7a       0xae bin/queue.o
 .text.prvIsQueueEmpty
                0x0000fb28       0x2a bin/queue.o
 .text.vQueueWaitForMessageRestricted
                0x0000fb52       0x66 bin/queue.o
                0x0000fb52                vQueueWaitForMessageRestricted
 .text.xTimerCreateTimerTask
                0x0000fbb8       0x50 bin/timers.o
                0x0000fbb8                xTimerCreateTimerTask
 .text.prvReloadTimer
                0x0000fc08       0x40 bin/timers.o
 .text.prvProcessExpiredTimer
                0x0000fc48       0x5c bin/timers.o
 .text.prvTimerTask
                0x0000fca4       0x22 bin/timers.o
 *fill*         0x0000fcc6        0x2 
 .text.prvProcessTimerOrBlockTask
                0x0000fcc8       0x98 bin/timers.o
 .text.prvGetNextExpireTime
                0x0000fd60       0x3c bin/timers.o
 .text.prvSampleTimeNow
                0x0000fd9c       0x3c bin/timers.o
 .text.prvInsertTimerInActiveList
                0x0000fdd8       0x84 bin/timers.o
 .text.prvProcessReceivedCommands
                0x0000fe5c      0x190 bin/timers.o
 .text.prvSwitchTimerLists
                0x0000ffec       0x48 bin/timers.o
 .text.prvCheckForValidListAndQueue
                0x00010034       0x54 bin/timers.o
 .text.am_freertos_sleep
                0x00010088       0x16 bin/rtos.o
                0x00010088                am_freertos_sleep
 .text.am_freertos_wakeup
                0x0001009e        0xa bin/rtos.o
                0x0001009e                am_freertos_wakeup
 .text.vApplicationMallocFailedHook
                0x000100a8        0x4 bin/rtos.o
                0x000100a8                vApplicationMallocFailedHook
 .text.vApplicationStackOverflowHook
                0x000100ac        0xa bin/rtos.o
                0x000100ac                vApplicationStackOverflowHook
 *fill*         0x000100b6        0x2 
 .text.memset   0x000100b8       0x9c /Applications/ArmGNUToolchain/14.3.rel1/arm-none-eabi/bin/../lib/gcc/arm-none-eabi/14.3.1/../../../../arm-none-eabi/lib/thumb/v7e-m+fp/hard/libc.a(libc_a-memset.o)
                0x000100b8                memset
 .text.am_hal_adc_initialize
                0x00010154       0xa8 ../../../../mcu/apollo3p/hal/gcc/bin/libam_hal.a(am_hal_adc.o)
                0x00010154                am_hal_adc_initialize
 .text.am_hal_adc_deinitialize
                0x000101fc       0x54 ../../../../mcu/apollo3p/hal/gcc/bin/libam_hal.a(am_hal_adc.o)
                0x000101fc                am_hal_adc_deinitialize
 .text.am_hal_adc_configure
                0x00010250       0x78 ../../../../mcu/apollo3p/hal/gcc/bin/libam_hal.a(am_hal_adc.o)
                0x00010250                am_hal_adc_configure
 .text.am_hal_adc_configure_slot
                0x000102c8       0x6c ../../../../mcu/apollo3p/hal/gcc/bin/libam_hal.a(am_hal_adc.o)
                0x000102c8                am_hal_adc_configure_slot
 .text.am_hal_adc_enable
                0x00010334       0x38 ../../../../mcu/apollo3p/hal/gcc/bin/libam_hal.a(am_hal_adc.o)
                0x00010334                am_hal_adc_enable
 .text.am_hal_adc_disable
                0x0001036c       0x4c ../../../../mcu/apollo3p/hal/gcc/bin/libam_hal.a(am_hal_adc.o)
                0x0001036c                am_hal_adc_disable
 .text.am_hal_adc_samples_read
                0x000103b8       0xb8 ../../../../mcu/apollo3p/hal/gcc/bin/libam_hal.a(am_hal_adc.o)
                0x000103b8                am_hal_adc_samples_read
 .text.am_hal_adc_sw_trigger
                0x00010470       0x24 ../../../../mcu/apollo3p/hal/gcc/bin/libam_hal.a(am_hal_adc.o)
                0x00010470                am_hal_adc_sw_trigger
 .text.am_hal_adc_power_control
                0x00010494       0xdc ../../../../mcu/apollo3p/hal/gcc/bin/libam_hal.a(am_hal_adc.o)
                0x00010494                am_hal_adc_power_control
 .text.am_hal_cachectrl_config
                0x00010570       0x48 ../../../../mcu/apollo3p/hal/gcc/bin/libam_hal.a(am_hal_cachectrl.o)
                0x00010570                am_hal_cachectrl_config
 .text.am_hal_cachectrl_enable
                0x000105b8       0x14 ../../../../mcu/apollo3p/hal/gcc/bin/libam_hal.a(am_hal_cachectrl.o)
                0x000105b8                am_hal_cachectrl_enable
 .text.am_hal_cachectrl_control
                0x000105cc      0x350 ../../../../mcu/apollo3p/hal/gcc/bin/libam_hal.a(am_hal_cachectrl.o)
                0x000105cc                am_hal_cachectrl_control
 .text.am_hal_clkgen_control
                0x0001091c      0x124 ../../../../mcu/apollo3p/hal/gcc/bin/libam_hal.a(am_hal_clkgen.o)
                0x0001091c                am_hal_clkgen_control
 .text.am_hal_flash_delay
                0x00010a40       0x20 ../../../../mcu/apollo3p/hal/gcc/bin/libam_hal.a(am_hal_flash.o)
                0x00010a40                am_hal_flash_delay
 .text.am_hal_flash_delay_status_check
                0x00010a60       0x6c ../../../../mcu/apollo3p/hal/gcc/bin/libam_hal.a(am_hal_flash.o)
                0x00010a60                am_hal_flash_delay_status_check
 .text.am_hal_flash_load_ui32
                0x00010acc        0x8 ../../../../mcu/apollo3p/hal/gcc/bin/libam_hal.a(am_hal_flash.o)
                0x00010acc                am_hal_flash_load_ui32
 .text.am_hal_flash_store_ui32
                0x00010ad4        0xc ../../../../mcu/apollo3p/hal/gcc/bin/libam_hal.a(am_hal_flash.o)
                0x00010ad4                am_hal_flash_store_ui32
 .text.am_hal_gpio_pinconfig
                0x00010ae0      0x274 ../../../../mcu/apollo3p/hal/gcc/bin/libam_hal.a(am_hal_gpio.o)
                0x00010ae0                am_hal_gpio_pinconfig
 .text.am_hal_gpio_state_write
                0x00010d54       0x88 ../../../../mcu/apollo3p/hal/gcc/bin/libam_hal.a(am_hal_gpio.o)
                0x00010d54                am_hal_gpio_state_write
 .text.am_hal_interrupt_master_enable
                0x00010ddc        0x8 ../../../../mcu/apollo3p/hal/gcc/bin/libam_hal.a(am_hal_interrupt.o)
                0x00010ddc                am_hal_interrupt_master_enable
 .text.am_hal_interrupt_master_disable
                0x00010de4        0x8 ../../../../mcu/apollo3p/hal/gcc/bin/libam_hal.a(am_hal_interrupt.o)
                0x00010de4                am_hal_interrupt_master_disable
 .text.am_hal_interrupt_master_set
                0x00010dec        0x8 ../../../../mcu/apollo3p/hal/gcc/bin/libam_hal.a(am_hal_interrupt.o)
                0x00010dec                am_hal_interrupt_master_set
 .text.am_hal_mcuctrl_info_get
                0x00010df4      0x130 ../../../../mcu/apollo3p/hal/gcc/bin/libam_hal.a(am_hal_mcuctrl.o)
                0x00010df4                am_hal_mcuctrl_info_get
 .text.am_hal_pwrctrl_periph_enable
                0x00010f24       0x6c ../../../../mcu/apollo3p/hal/gcc/bin/libam_hal.a(am_hal_pwrctrl.o)
                0x00010f24                am_hal_pwrctrl_periph_enable
 .text.am_hal_pwrctrl_periph_disable
                0x00010f90       0x98 ../../../../mcu/apollo3p/hal/gcc/bin/libam_hal.a(am_hal_pwrctrl.o)
                0x00010f90                am_hal_pwrctrl_periph_disable
 .text.am_hal_pwrctrl_bleif_workaround
                0x00011028       0x98 ../../../../mcu/apollo3p/hal/gcc/bin/libam_hal.a(am_hal_pwrctrl.o)
                0x00011028                am_hal_pwrctrl_bleif_workaround
 .text.am_hal_pwrctrl_low_power_init
                0x000110c0      0x198 ../../../../mcu/apollo3p/hal/gcc/bin/libam_hal.a(am_hal_pwrctrl.o)
                0x000110c0                am_hal_pwrctrl_low_power_init
 .text.am_hal_pwrctrl_wa_vddf_boost
                0x00011258       0xc8 ../../../../mcu/apollo3p/hal/gcc/bin/libam_hal.a(am_hal_pwrctrl.o)
                0x00011258                am_hal_pwrctrl_wa_vddf_boost
 .text.am_hal_pwrctrl_wa_vddf_restore
                0x00011320       0xb0 ../../../../mcu/apollo3p/hal/gcc/bin/libam_hal.a(am_hal_pwrctrl.o)
                0x00011320                am_hal_pwrctrl_wa_vddf_restore
 .text.am_hal_stimer_config
                0x000113d0       0x14 ../../../../mcu/apollo3p/hal/gcc/bin/libam_hal.a(am_hal_stimer.o)
                0x000113d0                am_hal_stimer_config
 .text.am_hal_stimer_counter_get
                0x000113e4       0x20 ../../../../mcu/apollo3p/hal/gcc/bin/libam_hal.a(am_hal_stimer.o)
                0x000113e4                am_hal_stimer_counter_get
 .text.am_hal_stimer_compare_delta_set
                0x00011404       0xa4 ../../../../mcu/apollo3p/hal/gcc/bin/libam_hal.a(am_hal_stimer.o)
                0x00011404                am_hal_stimer_compare_delta_set
 .text.am_hal_stimer_int_enable
                0x000114a8       0x14 ../../../../mcu/apollo3p/hal/gcc/bin/libam_hal.a(am_hal_stimer.o)
                0x000114a8                am_hal_stimer_int_enable
 .text.am_hal_stimer_int_clear
                0x000114bc        0xc ../../../../mcu/apollo3p/hal/gcc/bin/libam_hal.a(am_hal_stimer.o)
                0x000114bc                am_hal_stimer_int_clear
 .text.am_hal_stimer_int_status_get
                0x000114c8       0x18 ../../../../mcu/apollo3p/hal/gcc/bin/libam_hal.a(am_hal_stimer.o)
                0x000114c8                am_hal_stimer_int_status_get
 .text.am_hal_sysctrl_sleep
                0x000114e0       0xb4 ../../../../mcu/apollo3p/hal/gcc/bin/libam_hal.a(am_hal_sysctrl.o)
                0x000114e0                am_hal_sysctrl_sleep
 .text.am_hal_uart_initialize
                0x00011594       0x54 ../../../../mcu/apollo3p/hal/gcc/bin/libam_hal.a(am_hal_uart.o)
                0x00011594                am_hal_uart_initialize
 .text.am_hal_uart_power_control
                0x000115e8       0xf4 ../../../../mcu/apollo3p/hal/gcc/bin/libam_hal.a(am_hal_uart.o)
                0x000115e8                am_hal_uart_power_control
 .text.am_hal_uart_buffer_configure
                0x000116dc       0xb4 ../../../../mcu/apollo3p/hal/gcc/bin/libam_hal.a(am_hal_uart.o)
                0x000116dc                am_hal_uart_buffer_configure
 .text.am_hal_uart_configure
                0x00011790      0x150 ../../../../mcu/apollo3p/hal/gcc/bin/libam_hal.a(am_hal_uart.o)
                0x00011790                am_hal_uart_configure
 .text.am_hal_uart_transfer
                0x000118e0      0x460 ../../../../mcu/apollo3p/hal/gcc/bin/libam_hal.a(am_hal_uart.o)
                0x000118e0                am_hal_uart_transfer
 .text.am_hal_uart_interrupt_service
                0x00011d40      0x130 ../../../../mcu/apollo3p/hal/gcc/bin/libam_hal.a(am_hal_uart.o)
                0x00011d40                am_hal_uart_interrupt_service
 .text.am_hal_uart_interrupt_clear
                0x00011e70       0x24 ../../../../mcu/apollo3p/hal/gcc/bin/libam_hal.a(am_hal_uart.o)
                0x00011e70                am_hal_uart_interrupt_clear
 .text.am_hal_uart_interrupt_status_get
                0x00011e94       0x38 ../../../../mcu/apollo3p/hal/gcc/bin/libam_hal.a(am_hal_uart.o)
                0x00011e94                am_hal_uart_interrupt_status_get
 .text.am_hal_uart_control
                0x00011ecc       0x18 ../../../../mcu/apollo3p/hal/gcc/bin/libam_hal.a(am_hal_uart.o)
                0x00011ecc                am_hal_uart_control
 .text.am_hal_burst_mode_disable
                0x00011ee4       0xa4 ../../../../mcu/apollo3p/hal/gcc/bin/libam_hal.a(am_hal_burst.o)
                0x00011ee4                am_hal_burst_mode_disable
 .text.am_hal_burst_ldo_patch_check
                0x00011f88       0x14 ../../../../mcu/apollo3p/hal/gcc/bin/libam_hal.a(am_hal_burst.o)
                0x00011f88                am_hal_burst_ldo_patch_check
 .text.am_hal_burst_ldo_charge
                0x00011f9c       0xac ../../../../mcu/apollo3p/hal/gcc/bin/libam_hal.a(am_hal_burst.o)
                0x00011f9c                am_hal_burst_ldo_charge
 .text.am_hal_burst_mode_enable_w_manual_sequence
                0x00012048      0x1e0 ../../../../mcu/apollo3p/hal/gcc/bin/libam_hal.a(am_hal_burst.o)
                0x00012048                am_hal_burst_mode_enable_w_manual_sequence
 .text.am_hal_burst_mode_enable
                0x00012228       0x68 ../../../../mcu/apollo3p/hal/gcc/bin/libam_hal.a(am_hal_burst.o)
                0x00012228                am_hal_burst_mode_enable
 .text.am_hal_triple_read
                0x00012290       0x1c ../../../../mcu/apollo3p/hal/gcc/bin/libam_hal.a(am_hal_global.o)
                0x00012290                am_hal_triple_read
 .text.am_hal_queue_init
                0x000122ac       0x18 ../../../../mcu/apollo3p/hal/gcc/bin/libam_hal.a(am_hal_queue.o)
                0x000122ac                am_hal_queue_init
 .text.am_hal_queue_item_add
                0x000122c4       0x80 ../../../../mcu/apollo3p/hal/gcc/bin/libam_hal.a(am_hal_queue.o)
                0x000122c4                am_hal_queue_item_add
 .text.am_hal_queue_item_get
                0x00012344       0x7c ../../../../mcu/apollo3p/hal/gcc/bin/libam_hal.a(am_hal_queue.o)
                0x00012344                am_hal_queue_item_get
 .text.am_bsp_low_power_init
                0x000123c0       0x40 ../../bsp/gcc/bin/libam_bsp.a(am_bsp.o)
                0x000123c0                am_bsp_low_power_init
 .text.am_hal_rtc_osc_disable
                0x00012400       0x10 ../../../../mcu/apollo3p/hal/gcc/bin/libam_hal.a(am_hal_rtc.o)
                0x00012400                am_hal_rtc_osc_disable
 *(.rodata)
 .rodata        0x00012410       0xcc bin/main.o
 .rodata        0x000124dc       0x9d bin/s2.o
 *fill*         0x00012579        0x3 
 .rodata        0x0001257c        0x5 bin/tasks.o
 *fill*         0x00012581        0x3 
 .rodata        0x00012584        0x8 bin/timers.o
 *(.rodata*)
 .rodata.g_sUartConfig
                0x0001258c       0x28 bin/setup.o
                0x0001258c                g_sUartConfig
 .rodata.uxTopUsedPriority
                0x000125b4        0x4 bin/tasks.o
                0x000125b4                uxTopUsedPriority
 .rodata.am_hal_cachectrl_defaults
                0x000125b8        0x3 ../../../../mcu/apollo3p/hal/gcc/bin/libam_hal.a(am_hal_cachectrl.o)
                0x000125b8                am_hal_cachectrl_defaults
 *fill*         0x000125bb        0x1 
 .rodata.g_ui8NCEtable
                0x000125bc      0x128 ../../../../mcu/apollo3p/hal/gcc/bin/libam_hal.a(am_hal_gpio.o)
 .rodata.g_ui8nCEpins
                0x000126e4       0x4a ../../../../mcu/apollo3p/hal/gcc/bin/libam_hal.a(am_hal_gpio.o)
 *fill*         0x0001272e        0x2 
 .rodata.g_ui8Bit76Capabilities
                0x00012730       0x4a ../../../../mcu/apollo3p/hal/gcc/bin/libam_hal.a(am_hal_gpio.o)
 *fill*         0x0001277a        0x2 
 .rodata.g_ui8Inpen
                0x0001277c       0x4a ../../../../mcu/apollo3p/hal/gcc/bin/libam_hal.a(am_hal_gpio.o)
 *fill*         0x000127c6        0x2 
 .rodata.g_AM_HAL_GPIO_OUTPUT
                0x000127c8        0x4 ../../../../mcu/apollo3p/hal/gcc/bin/libam_hal.a(am_hal_gpio.o)
                0x000127c8                g_AM_HAL_GPIO_OUTPUT
 .rodata.g_AM_HAL_GPIO_DISABLE
                0x000127cc        0x4 ../../../../mcu/apollo3p/hal/gcc/bin/libam_hal.a(am_hal_gpio.o)
                0x000127cc                g_AM_HAL_GPIO_DISABLE
 .rodata.g_am_hal_mcuctrl_sram_size
                0x000127d0       0x40 ../../../../mcu/apollo3p/hal/gcc/bin/libam_hal.a(am_hal_mcuctrl.o)
                0x000127d0                g_am_hal_mcuctrl_sram_size
 .rodata.g_am_hal_mcuctrl_flash_size
                0x00012810       0x40 ../../../../mcu/apollo3p/hal/gcc/bin/libam_hal.a(am_hal_mcuctrl.o)
                0x00012810                g_am_hal_mcuctrl_flash_size
 .rodata.am_hal_pwrctrl_peripheral_control
                0x00012850       0xcc ../../../../mcu/apollo3p/hal/gcc/bin/libam_hal.a(am_hal_pwrctrl.o)
                0x00012850                am_hal_pwrctrl_peripheral_control
 .rodata.CSWTCH.28
                0x0001291c       0x10 ../../../../mcu/apollo3p/hal/gcc/bin/libam_hal.a(am_hal_uart.o)
 .rodata.g_AM_BSP_GPIO_COM_UART_RX
                0x0001292c        0x4 ../../bsp/gcc/bin/libam_bsp.a(am_bsp_pins.o)
                0x0001292c                g_AM_BSP_GPIO_COM_UART_RX
 .rodata.g_AM_BSP_GPIO_COM_UART_TX
                0x00012930        0x4 ../../bsp/gcc/bin/libam_bsp.a(am_bsp_pins.o)
                0x00012930                g_AM_BSP_GPIO_COM_UART_TX
                0x00012934                        . = ALIGN (0x4)
                0x00012934                        _etext = .

.glue_7         0x00012934        0x0
 .glue_7        0x00012934        0x0 linker stubs

.glue_7t        0x00012934        0x0
 .glue_7t       0x00012934        0x0 linker stubs

.vfp11_veneer   0x00012934        0x0
 .vfp11_veneer  0x00012934        0x0 linker stubs

.v4_bx          0x00012934        0x0
 .v4_bx         0x00012934        0x0 linker stubs

.iplt           0x00012934        0x0
 .iplt          0x00012934        0x0 bin/am_util_faultisr.o

.rel.dyn        0x00012934        0x0
 .rel.iplt      0x00012934        0x0 bin/am_util_faultisr.o

.ARM.exidx      0x00012934        0x8
 .ARM.exidx     0x00012934        0x8 /Applications/ArmGNUToolchain/14.3.rel1/arm-none-eabi/bin/../lib/gcc/arm-none-eabi/14.3.1/../../../../arm-none-eabi/lib/thumb/v7e-m+fp/hard/libc.a(libc_a-memcpy.o)

.data           0x10011000       0x38 load address 0x0001293c
                0x10011000                        . = ALIGN (0x4)
                0x10011000                        _sdata = .
 *(.data)
 *(.data*)
 .data.uxCriticalNesting
                0x10011000        0x4 bin/port.o
 .data.SRAM_write_ui32
                0x10011004        0xc ../../../../mcu/apollo3p/hal/gcc/bin/libam_hal.a(am_hal_flash.o)
                0x10011004                SRAM_write_ui32
 .data.am_bsp_psLEDs
                0x10011010       0x28 ../../bsp/gcc/bin/libam_bsp.a(am_bsp.o)
                0x10011010                am_bsp_psLEDs
                0x10011038                        . = ALIGN (0x4)
                0x10011038                        _edata = .
                0x0001293c                        _init_data = LOADADDR (.data)

.igot.plt       0x10011038        0x0 load address 0x00012974
 .igot.plt      0x10011038        0x0 bin/am_util_faultisr.o

.tcm            0x10000000        0x0 load address 0x00012974
                0x10000000                        . = ALIGN (0x4)
                0x10000000                        _stcm = .
 *(.tcm)
 *(.tcm*)
                0x10000000                        . = ALIGN (0x4)
                0x10000000                        _etcm = .
                0x00012974                        _init_tcm = LOADADDR (.tcm)

.stack          0x10010000     0x1000
                0x10010000                        . = ALIGN (0x8)
 *(.stack)
 .stack         0x10010000     0x1000 bin/startup_gcc.o
 *(.stack*)
                0x10011000                        . = ALIGN (0x8)

.bss            0x10011038     0x49ac
                0x10011038                        . = ALIGN (0x4)
                0x10011038                        _sbss = .
 *(.bss)
 *(.bss*)
 .bss.gFaultStack
                0x10011038      0x200 bin/am_util_faultisr.o
                0x10011038                gFaultStack
 .bss.g_pfnCharPrint
                0x10011238        0x4 bin/am_util_stdio.o
                0x10011238                g_pfnCharPrint
 .bss.g_prfbuf  0x1001123c      0x400 bin/am_util_stdio.o
 .bss.g_bTxtXlate
                0x1001163c        0x1 bin/am_util_stdio.o
 *fill*         0x1001163d        0x3 
 .bss.phUART    0x10011640        0x4 bin/setup.o
                0x10011640                phUART
 .bss.ui32LastError
                0x10011644        0x4 bin/setup.o
                0x10011644                ui32LastError
 .bss.g_pui8TxBuffer
                0x10011648      0x100 bin/setup.o
                0x10011648                g_pui8TxBuffer
 .bss.g_pui8RxBuffer
                0x10011748        0x2 bin/setup.o
                0x10011748                g_pui8RxBuffer
 *fill*         0x1001174a        0x2 
 .bss.g_sADCConfig
                0x1001174c        0x7 bin/s2.o
 *fill*         0x10011753        0x1 
 .bss.g_ADCHandle
                0x10011754        0x4 bin/s2.o
 .bss.ADCTaskHandle
                0x10011758        0x4 bin/s2.o
                0x10011758                ADCTaskHandle
 .bss.g_bADCTaskRunning
                0x1001175c        0x1 bin/s2.o
 *fill*         0x1001175d        0x3 
 .bss.pxCurrentTCB
                0x10011760        0x4 bin/tasks.o
                0x10011760                pxCurrentTCB
 .bss.pxReadyTasksLists
                0x10011764       0x50 bin/tasks.o
 .bss.xDelayedTaskList1
                0x100117b4       0x14 bin/tasks.o
 .bss.xDelayedTaskList2
                0x100117c8       0x14 bin/tasks.o
 .bss.pxDelayedTaskList
                0x100117dc        0x4 bin/tasks.o
 .bss.pxOverflowDelayedTaskList
                0x100117e0        0x4 bin/tasks.o
 .bss.xPendingReadyList
                0x100117e4       0x14 bin/tasks.o
 .bss.xTasksWaitingTermination
                0x100117f8       0x14 bin/tasks.o
 .bss.uxDeletedTasksWaitingCleanUp
                0x1001180c        0x4 bin/tasks.o
 .bss.xSuspendedTaskList
                0x10011810       0x14 bin/tasks.o
 .bss.uxCurrentNumberOfTasks
                0x10011824        0x4 bin/tasks.o
 .bss.xTickCount
                0x10011828        0x4 bin/tasks.o
 .bss.uxTopReadyPriority
                0x1001182c        0x4 bin/tasks.o
 .bss.xSchedulerRunning
                0x10011830        0x4 bin/tasks.o
 .bss.xPendedTicks
                0x10011834        0x4 bin/tasks.o
 .bss.xYieldPending
                0x10011838        0x4 bin/tasks.o
 .bss.xNumOfOverflows
                0x1001183c        0x4 bin/tasks.o
 .bss.uxTaskNumber
                0x10011840        0x4 bin/tasks.o
 .bss.xNextTaskUnblockTime
                0x10011844        0x4 bin/tasks.o
 .bss.xIdleTaskHandle
                0x10011848        0x4 bin/tasks.o
 .bss.uxSchedulerSuspended
                0x1001184c        0x4 bin/tasks.o
 .bss.g_lastSTimerVal
                0x10011850        0x4 bin/port.o
 .bss.ucMaxSysCallPriority
                0x10011854        0x1 bin/port.o
 *fill*         0x10011855        0x3 
 .bss.ulMaxPRIGROUPValue
                0x10011858        0x4 bin/port.o
 .bss.ulTimerCountsForOneTick
                0x1001185c        0x4 bin/port.o
                0x1001185c                ulTimerCountsForOneTick
 .bss.xMaximumPossibleSuppressedTicks
                0x10011860        0x4 bin/port.o
 .bss.gNumCmpB  0x10011864        0x4 bin/port.o
                0x10011864                gNumCmpB
 .bss.ucHeap    0x10011868     0x4000 bin/heap_4.o
 .bss.xStart    0x10015868        0x8 bin/heap_4.o
 .bss.pxEnd     0x10015870        0x4 bin/heap_4.o
 .bss.xFreeBytesRemaining
                0x10015874        0x4 bin/heap_4.o
 .bss.xMinimumEverFreeBytesRemaining
                0x10015878        0x4 bin/heap_4.o
 .bss.xNumberOfSuccessfulAllocations
                0x1001587c        0x4 bin/heap_4.o
 .bss.xNumberOfSuccessfulFrees
                0x10015880        0x4 bin/heap_4.o
 .bss.xActiveTimerList1
                0x10015884       0x14 bin/timers.o
 .bss.xActiveTimerList2
                0x10015898       0x14 bin/timers.o
 .bss.pxCurrentTimerList
                0x100158ac        0x4 bin/timers.o
 .bss.pxOverflowTimerList
                0x100158b0        0x4 bin/timers.o
 .bss.xTimerQueue
                0x100158b4        0x4 bin/timers.o
 .bss.xTimerTaskHandle
                0x100158b8        0x4 bin/timers.o
 .bss.xLastTime.0
                0x100158bc        0x4 bin/timers.o
 .bss.g_ADCSlotsConfigured
                0x100158c0        0x4 ../../../../mcu/apollo3p/hal/gcc/bin/libam_hal.a(am_hal_adc.o)
                0x100158c0                g_ADCSlotsConfigured
 .bss.g_ADCState
                0x100158c4       0x40 ../../../../mcu/apollo3p/hal/gcc/bin/libam_hal.a(am_hal_adc.o)
                0x100158c4                g_ADCState
 .bss.priv_temp_trims
                0x10015904       0x10 ../../../../mcu/apollo3p/hal/gcc/bin/libam_hal.a(am_hal_adc.o)
 .bss.g_bVddfTrimsDone
                0x10015914        0x1 ../../../../mcu/apollo3p/hal/gcc/bin/libam_hal.a(am_hal_pwrctrl.o)
                0x10015914                g_bVddfTrimsDone
 .bss.g_bSimobuckTrimsDone
                0x10015915        0x1 ../../../../mcu/apollo3p/hal/gcc/bin/libam_hal.a(am_hal_pwrctrl.o)
                0x10015915                g_bSimobuckTrimsDone
 *fill*         0x10015916        0x2 
 .bss.gAmHalResetStatus
                0x10015918        0x4 ../../../../mcu/apollo3p/hal/gcc/bin/libam_hal.a(am_hal_reset.o)
                0x10015918                gAmHalResetStatus
 .bss.g_am_hal_sysctrl_sleep_count
                0x1001591c        0x4 ../../../../mcu/apollo3p/hal/gcc/bin/libam_hal.a(am_hal_sysctrl.o)
                0x1001591c                g_am_hal_sysctrl_sleep_count
 .bss.g_am_hal_uart_states
                0x10015920       0xc0 ../../../../mcu/apollo3p/hal/gcc/bin/libam_hal.a(am_hal_uart.o)
 .bss.g_bDisFromManual
                0x100159e0        0x1 ../../../../mcu/apollo3p/hal/gcc/bin/libam_hal.a(am_hal_burst.o)
 .bss.g_bEnFromManual
                0x100159e1        0x1 ../../../../mcu/apollo3p/hal/gcc/bin/libam_hal.a(am_hal_burst.o)
 .bss.g_am_hal_burst_mode_available
                0x100159e2        0x1 ../../../../mcu/apollo3p/hal/gcc/bin/libam_hal.a(am_hal_burst.o)
                0x100159e2                g_am_hal_burst_mode_available
 *(COMMON)
                0x100159e4                        . = ALIGN (0x4)
 *fill*         0x100159e3        0x1 
                0x100159e4                        _ebss = .

.ARM.attributes
                0x00000000       0x32
 *(.ARM.attributes)
 .ARM.attributes
                0x00000000       0x34 bin/am_util_faultisr.o
 .ARM.attributes
                0x00000034       0x34 bin/am_util_stdio.o
 .ARM.attributes
                0x00000068       0x34 bin/main.o
 .ARM.attributes
                0x0000009c       0x34 bin/setup.o
 .ARM.attributes
                0x000000d0       0x34 bin/s2.o
 .ARM.attributes
                0x00000104       0x34 bin/startup_gcc.o
 .ARM.attributes
                0x00000138       0x34 bin/tasks.o
 .ARM.attributes
                0x0000016c       0x34 bin/port.o
 .ARM.attributes
                0x000001a0       0x34 bin/list.o
 .ARM.attributes
                0x000001d4       0x34 bin/heap_4.o
 .ARM.attributes
                0x00000208       0x34 bin/queue.o
 .ARM.attributes
                0x0000023c       0x34 bin/timers.o
 .ARM.attributes
                0x00000270       0x34 bin/rtos.o
 .ARM.attributes
                0x000002a4       0x34 /Applications/ArmGNUToolchain/14.3.rel1/arm-none-eabi/bin/../lib/gcc/arm-none-eabi/14.3.1/../../../../arm-none-eabi/lib/thumb/v7e-m+fp/hard/libc.a(libc_a-memset.o)
 .ARM.attributes
                0x000002d8       0x20 /Applications/ArmGNUToolchain/14.3.rel1/arm-none-eabi/bin/../lib/gcc/arm-none-eabi/14.3.1/../../../../arm-none-eabi/lib/thumb/v7e-m+fp/hard/libc.a(libc_a-memcpy.o)
 .ARM.attributes
                0x000002f8       0x22 /Applications/ArmGNUToolchain/14.3.rel1/arm-none-eabi/bin/../lib/gcc/arm-none-eabi/14.3.1/thumb/v7e-m+fp/hard/libgcc.a(_arm_addsubdf3.o)
 .ARM.attributes
                0x0000031a       0x22 /Applications/ArmGNUToolchain/14.3.rel1/arm-none-eabi/bin/../lib/gcc/arm-none-eabi/14.3.1/thumb/v7e-m+fp/hard/libgcc.a(_arm_truncdfsf2.o)
 .ARM.attributes
                0x0000033c       0x34 ../../../../mcu/apollo3p/hal/gcc/bin/libam_hal.a(am_hal_adc.o)
 .ARM.attributes
                0x00000370       0x34 ../../../../mcu/apollo3p/hal/gcc/bin/libam_hal.a(am_hal_cachectrl.o)
 .ARM.attributes
                0x000003a4       0x34 ../../../../mcu/apollo3p/hal/gcc/bin/libam_hal.a(am_hal_clkgen.o)
 .ARM.attributes
                0x000003d8       0x34 ../../../../mcu/apollo3p/hal/gcc/bin/libam_hal.a(am_hal_flash.o)
 .ARM.attributes
                0x0000040c       0x34 ../../../../mcu/apollo3p/hal/gcc/bin/libam_hal.a(am_hal_gpio.o)
 .ARM.attributes
                0x00000440       0x34 ../../../../mcu/apollo3p/hal/gcc/bin/libam_hal.a(am_hal_interrupt.o)
 .ARM.attributes
                0x00000474       0x34 ../../../../mcu/apollo3p/hal/gcc/bin/libam_hal.a(am_hal_mcuctrl.o)
 .ARM.attributes
                0x000004a8       0x34 ../../../../mcu/apollo3p/hal/gcc/bin/libam_hal.a(am_hal_pwrctrl.o)
 .ARM.attributes
                0x000004dc       0x34 ../../../../mcu/apollo3p/hal/gcc/bin/libam_hal.a(am_hal_reset.o)
 .ARM.attributes
                0x00000510       0x34 ../../../../mcu/apollo3p/hal/gcc/bin/libam_hal.a(am_hal_stimer.o)
 .ARM.attributes
                0x00000544       0x34 ../../../../mcu/apollo3p/hal/gcc/bin/libam_hal.a(am_hal_sysctrl.o)
 .ARM.attributes
                0x00000578       0x34 ../../../../mcu/apollo3p/hal/gcc/bin/libam_hal.a(am_hal_uart.o)
 .ARM.attributes
                0x000005ac       0x34 ../../../../mcu/apollo3p/hal/gcc/bin/libam_hal.a(am_hal_burst.o)
 .ARM.attributes
                0x000005e0       0x34 ../../../../mcu/apollo3p/hal/gcc/bin/libam_hal.a(am_hal_global.o)
 .ARM.attributes
                0x00000614       0x34 ../../../../mcu/apollo3p/hal/gcc/bin/libam_hal.a(am_hal_queue.o)
 .ARM.attributes
                0x00000648       0x34 ../../bsp/gcc/bin/libam_bsp.a(am_bsp.o)
 .ARM.attributes
                0x0000067c       0x34 ../../bsp/gcc/bin/libam_bsp.a(am_bsp_pins.o)
 .ARM.attributes
                0x000006b0       0x34 ../../../../mcu/apollo3p/hal/gcc/bin/libam_hal.a(am_hal_rtc.o)
LOAD bin/am_util_delay.o
LOAD bin/am_util_faultisr.o
LOAD bin/am_util_id.o
LOAD bin/am_util_stdio.o
LOAD bin/main.o
LOAD bin/setup.o
LOAD bin/s2.o
LOAD bin/startup_gcc.o
LOAD bin/tasks.o
LOAD bin/port.o
LOAD bin/list.o
LOAD bin/heap_4.o
LOAD bin/queue.o
LOAD bin/timers.o
LOAD bin/event_groups.o
LOAD bin/rtos.o
LOAD bin/portasm.o
START GROUP
LOAD /Applications/ArmGNUToolchain/14.3.rel1/arm-none-eabi/bin/../lib/gcc/arm-none-eabi/14.3.1/../../../../arm-none-eabi/lib/thumb/v7e-m+fp/hard/libm.a
LOAD /Applications/ArmGNUToolchain/14.3.rel1/arm-none-eabi/bin/../lib/gcc/arm-none-eabi/14.3.1/../../../../arm-none-eabi/lib/thumb/v7e-m+fp/hard/libc.a
LOAD /Applications/ArmGNUToolchain/14.3.rel1/arm-none-eabi/bin/../lib/gcc/arm-none-eabi/14.3.1/thumb/v7e-m+fp/hard/libgcc.a
LOAD ../../../../mcu/apollo3p/hal/gcc/bin/libam_hal.a
LOAD ../../bsp/gcc/bin/libam_bsp.a
END GROUP
START GROUP
LOAD /Applications/ArmGNUToolchain/14.3.rel1/arm-none-eabi/bin/../lib/gcc/arm-none-eabi/14.3.1/thumb/v7e-m+fp/hard/libgcc.a
LOAD /Applications/ArmGNUToolchain/14.3.rel1/arm-none-eabi/bin/../lib/gcc/arm-none-eabi/14.3.1/../../../../arm-none-eabi/lib/thumb/v7e-m+fp/hard/libc.a
END GROUP
OUTPUT(bin/slipt.axf elf32-littlearm)
LOAD linker stubs

.debug_info     0x00000000     0x77be
 .debug_info    0x00000000      0x5b3 bin/am_util_faultisr.o
 .debug_info    0x000005b3      0x9d3 bin/am_util_stdio.o
 .debug_info    0x00000f86      0x2f1 bin/main.o
 .debug_info    0x00001277      0xbe0 bin/setup.o
 .debug_info    0x00001e57      0xb62 bin/s2.o
 .debug_info    0x000029b9      0x156 bin/startup_gcc.o
 .debug_info    0x00002b0f     0x18f8 bin/tasks.o
 .debug_info    0x00004407      0xdef bin/port.o
 .debug_info    0x000051f6      0x2a4 bin/list.o
 .debug_info    0x0000549a      0x49b bin/heap_4.o
 .debug_info    0x00005935      0xf97 bin/queue.o
 .debug_info    0x000068cc      0xda7 bin/timers.o
 .debug_info    0x00007673      0x14b bin/rtos.o

.debug_abbrev   0x00000000     0x1aff
 .debug_abbrev  0x00000000      0x18b bin/am_util_faultisr.o
 .debug_abbrev  0x0000018b      0x255 bin/am_util_stdio.o
 .debug_abbrev  0x000003e0      0x17f bin/main.o
 .debug_abbrev  0x0000055f      0x298 bin/setup.o
 .debug_abbrev  0x000007f7      0x270 bin/s2.o
 .debug_abbrev  0x00000a67       0xd9 bin/startup_gcc.o
 .debug_abbrev  0x00000b40      0x359 bin/tasks.o
 .debug_abbrev  0x00000e99      0x381 bin/port.o
 .debug_abbrev  0x0000121a       0xf3 bin/list.o
 .debug_abbrev  0x0000130d      0x1ef bin/heap_4.o
 .debug_abbrev  0x000014fc      0x2a1 bin/queue.o
 .debug_abbrev  0x0000179d      0x297 bin/timers.o
 .debug_abbrev  0x00001a34       0xcb bin/rtos.o

.debug_aranges  0x00000000      0x6c8
 .debug_aranges
                0x00000000       0x38 bin/am_util_faultisr.o
 .debug_aranges
                0x00000038       0xb8 bin/am_util_stdio.o
 .debug_aranges
                0x000000f0       0x30 bin/main.o
 .debug_aranges
                0x00000120       0x40 bin/setup.o
 .debug_aranges
                0x00000160       0x58 bin/s2.o
 .debug_aranges
                0x000001b8       0x38 bin/startup_gcc.o
 .debug_aranges
                0x000001f0      0x198 bin/tasks.o
 .debug_aranges
                0x00000388       0xb0 bin/port.o
 .debug_aranges
                0x00000438       0x40 bin/list.o
 .debug_aranges
                0x00000478       0x60 bin/heap_4.o
 .debug_aranges
                0x000004d8       0xd0 bin/queue.o
 .debug_aranges
                0x000005a8       0xe8 bin/timers.o
 .debug_aranges
                0x00000690       0x38 bin/rtos.o

.debug_rnglists
                0x00000000      0x510
 .debug_rnglists
                0x00000000       0x26 bin/am_util_faultisr.o
 .debug_rnglists
                0x00000026       0x8c bin/am_util_stdio.o
 .debug_rnglists
                0x000000b2       0x1f bin/main.o
 .debug_rnglists
                0x000000d1       0x2c bin/setup.o
 .debug_rnglists
                0x000000fd       0x40 bin/s2.o
 .debug_rnglists
                0x0000013d       0x25 bin/startup_gcc.o
 .debug_rnglists
                0x00000162      0x143 bin/tasks.o
 .debug_rnglists
                0x000002a5       0x83 bin/port.o
 .debug_rnglists
                0x00000328       0x2b bin/list.o
 .debug_rnglists
                0x00000353       0x48 bin/heap_4.o
 .debug_rnglists
                0x0000039b       0xa3 bin/queue.o
 .debug_rnglists
                0x0000043e       0xad bin/timers.o
 .debug_rnglists
                0x000004eb       0x25 bin/rtos.o

.debug_line     0x00000000     0x4e80
 .debug_line    0x00000000      0x2aa bin/am_util_faultisr.o
 .debug_line    0x000002aa      0xa30 bin/am_util_stdio.o
 .debug_line    0x00000cda      0x291 bin/main.o
 .debug_line    0x00000f6b      0x331 bin/setup.o
 .debug_line    0x0000129c      0x3eb bin/s2.o
 .debug_line    0x00001687      0x159 bin/startup_gcc.o
 .debug_line    0x000017e0     0x1142 bin/tasks.o
 .debug_line    0x00002922      0x6b4 bin/port.o
 .debug_line    0x00002fd6      0x2ce bin/list.o
 .debug_line    0x000032a4      0x58f bin/heap_4.o
 .debug_line    0x00003833      0xcd8 bin/queue.o
 .debug_line    0x0000450b      0x7b5 bin/timers.o
 .debug_line    0x00004cc0      0x1c0 bin/rtos.o

.debug_str      0x00000000     0x437b
 .debug_str     0x00000000     0x437b bin/am_util_faultisr.o
                                0xb9e (size before relaxing)
 .debug_str     0x0000437b      0x58e bin/am_util_stdio.o
 .debug_str     0x0000437b      0x340 bin/main.o
 .debug_str     0x0000437b     0x14d4 bin/setup.o
 .debug_str     0x0000437b     0x1483 bin/s2.o
 .debug_str     0x0000437b      0x1f8 bin/startup_gcc.o
 .debug_str     0x0000437b      0xf43 bin/tasks.o
 .debug_str     0x0000437b     0x142d bin/port.o
 .debug_str     0x0000437b      0x2fb bin/list.o
 .debug_str     0x0000437b      0x536 bin/heap_4.o
 .debug_str     0x0000437b      0x8e3 bin/queue.o
 .debug_str     0x0000437b      0x993 bin/timers.o
 .debug_str     0x0000437b      0x24b bin/rtos.o

.comment        0x00000000       0x8a
 .comment       0x00000000       0x8a bin/am_util_faultisr.o
                                 0x47 (size before relaxing)
 .comment       0x0000008a       0x47 bin/am_util_stdio.o
 .comment       0x0000008a       0x47 bin/main.o
 .comment       0x0000008a       0x47 bin/setup.o
 .comment       0x0000008a       0x47 bin/s2.o
 .comment       0x0000008a       0x47 bin/startup_gcc.o
 .comment       0x0000008a       0x47 bin/tasks.o
 .comment       0x0000008a       0x47 bin/port.o
 .comment       0x0000008a       0x47 bin/list.o
 .comment       0x0000008a       0x47 bin/heap_4.o
 .comment       0x0000008a       0x47 bin/queue.o
 .comment       0x0000008a       0x47 bin/timers.o
 .comment       0x0000008a       0x47 bin/rtos.o
 .comment       0x0000008a       0x45 ../../../../mcu/apollo3p/hal/gcc/bin/libam_hal.a(am_hal_adc.o)
 .comment       0x0000008a       0x45 ../../../../mcu/apollo3p/hal/gcc/bin/libam_hal.a(am_hal_cachectrl.o)
 .comment       0x0000008a       0x45 ../../../../mcu/apollo3p/hal/gcc/bin/libam_hal.a(am_hal_clkgen.o)
 .comment       0x0000008a       0x45 ../../../../mcu/apollo3p/hal/gcc/bin/libam_hal.a(am_hal_flash.o)
 .comment       0x0000008a       0x45 ../../../../mcu/apollo3p/hal/gcc/bin/libam_hal.a(am_hal_gpio.o)
 .comment       0x0000008a       0x45 ../../../../mcu/apollo3p/hal/gcc/bin/libam_hal.a(am_hal_interrupt.o)
 .comment       0x0000008a       0x45 ../../../../mcu/apollo3p/hal/gcc/bin/libam_hal.a(am_hal_mcuctrl.o)
 .comment       0x0000008a       0x45 ../../../../mcu/apollo3p/hal/gcc/bin/libam_hal.a(am_hal_pwrctrl.o)
 .comment       0x0000008a       0x45 ../../../../mcu/apollo3p/hal/gcc/bin/libam_hal.a(am_hal_reset.o)
 .comment       0x0000008a       0x45 ../../../../mcu/apollo3p/hal/gcc/bin/libam_hal.a(am_hal_stimer.o)
 .comment       0x0000008a       0x45 ../../../../mcu/apollo3p/hal/gcc/bin/libam_hal.a(am_hal_sysctrl.o)
 .comment       0x0000008a       0x45 ../../../../mcu/apollo3p/hal/gcc/bin/libam_hal.a(am_hal_uart.o)
 .comment       0x0000008a       0x45 ../../../../mcu/apollo3p/hal/gcc/bin/libam_hal.a(am_hal_burst.o)
 .comment       0x0000008a       0x45 ../../../../mcu/apollo3p/hal/gcc/bin/libam_hal.a(am_hal_global.o)
 .comment       0x0000008a       0x45 ../../../../mcu/apollo3p/hal/gcc/bin/libam_hal.a(am_hal_queue.o)
 .comment       0x0000008a       0x47 ../../bsp/gcc/bin/libam_bsp.a(am_bsp.o)
 .comment       0x0000008a       0x47 ../../bsp/gcc/bin/libam_bsp.a(am_bsp_pins.o)
 .comment       0x0000008a       0x45 ../../../../mcu/apollo3p/hal/gcc/bin/libam_hal.a(am_hal_rtc.o)

.debug_frame    0x00000000     0x1428
 .debug_frame   0x00000000       0x68 bin/am_util_faultisr.o
 .debug_frame   0x00000068      0x294 bin/am_util_stdio.o
 .debug_frame   0x000002fc       0x5c bin/main.o
 .debug_frame   0x00000358       0x90 bin/setup.o
 .debug_frame   0x000003e8       0xe4 bin/s2.o
 .debug_frame   0x000004cc       0x50 bin/startup_gcc.o
 .debug_frame   0x0000051c      0x500 bin/tasks.o
 .debug_frame   0x00000a1c      0x1cc bin/port.o
 .debug_frame   0x00000be8       0x88 bin/list.o
 .debug_frame   0x00000c70       0xe0 bin/heap_4.o
 .debug_frame   0x00000d50      0x288 bin/queue.o
 .debug_frame   0x00000fd8      0x2c4 bin/timers.o
 .debug_frame   0x0000129c       0x68 bin/rtos.o
 .debug_frame   0x00001304       0x2c /Applications/ArmGNUToolchain/14.3.rel1/arm-none-eabi/bin/../lib/gcc/arm-none-eabi/14.3.1/../../../../arm-none-eabi/lib/thumb/v7e-m+fp/hard/libc.a(libc_a-memset.o)
 .debug_frame   0x00001330       0x28 /Applications/ArmGNUToolchain/14.3.rel1/arm-none-eabi/bin/../lib/gcc/arm-none-eabi/14.3.1/../../../../arm-none-eabi/lib/thumb/v7e-m+fp/hard/libc.a(libc_a-memcpy.o)
 .debug_frame   0x00001358       0xac /Applications/ArmGNUToolchain/14.3.rel1/arm-none-eabi/bin/../lib/gcc/arm-none-eabi/14.3.1/thumb/v7e-m+fp/hard/libgcc.a(_arm_addsubdf3.o)
 .debug_frame   0x00001404       0x24 /Applications/ArmGNUToolchain/14.3.rel1/arm-none-eabi/bin/../lib/gcc/arm-none-eabi/14.3.1/thumb/v7e-m+fp/hard/libgcc.a(_arm_truncdfsf2.o)

.debug_line_str
                0x00000000      0x1c3
 .debug_line_str
                0x00000000      0x1c3 /Applications/ArmGNUToolchain/14.3.rel1/arm-none-eabi/bin/../lib/gcc/arm-none-eabi/14.3.1/../../../../arm-none-eabi/lib/thumb/v7e-m+fp/hard/libc.a(libc_a-memcpy.o)
                                 0xec (size before relaxing)
 .debug_line_str
                0x000001c3       0xd7 /Applications/ArmGNUToolchain/14.3.rel1/arm-none-eabi/bin/../lib/gcc/arm-none-eabi/14.3.1/thumb/v7e-m+fp/hard/libgcc.a(_arm_addsubdf3.o)
 .debug_line_str
                0x000001c3       0xd7 /Applications/ArmGNUToolchain/14.3.rel1/arm-none-eabi/bin/../lib/gcc/arm-none-eabi/14.3.1/thumb/v7e-m+fp/hard/libgcc.a(_arm_truncdfsf2.o)
